// Jest Snapshot v1, https://goo.gl/fbAQLP

exports[`Cart page tests should match snapshot 1`] = `
<div
  className="makeStyles-root-1"
>
  <EmptyCart />
</div>
`;
