// Jest Snapshot v1, https://goo.gl/fbAQLP

exports[`Cart page tests should match snapshot 1`] = `
<div
  className="makeStyles-whiteThemePath-1"
>
  <Link
    to="/"
  >
    Головна
  </Link>
   / 
  <Link
    to="/catalog/:category"
  >
    Каталог
  </Link>
   / 
  Ваш кошик
</div>
`;
