// Jest Snapshot v1, https://goo.gl/fbAQLP

exports[` 1`] = `
<Fragment>
  <h1
    className="makeStyles-newsTitle-1"
  >
<<<<<<< HEAD
    News
=======
    Новини
>>>>>>> 0edd262b... test
  </h1>
  <div
    className="makeStyles-NewsPageItem-2"
  />
</Fragment>
`;
