// Jest Snapshot v1, https://goo.gl/fbAQLP

exports[`Should render 404 page 1`] = `undefined`;
