// Jest Snapshot v1, https://goo.gl/fbAQLP

exports[`Delivery component tests should handle change 1`] = `
<Fragment>
  <Courier
    deliveryType="NOVAPOSTCOURIER"
    isLightTheme={true}
  />
</Fragment>
`;
