// Jest Snapshot v1, https://goo.gl/fbAQLP

exports[`Product details test Should render product details component 1`] = `
<WithStyles(ForwardRef(Card))
  className=""
>
  <Link
    to="/catalog/:category"
  >
    <Memo(ForwardRef(KeyboardBackspaceIcon))
      color="primary"
    />
  </Link>
  <div>
    <div>
      <ProductSizes
        handleSizeChange={[Function]}
        sizeIsNotSelectedError={false}
      />
    </div>
  </div>
  <Toast />
</WithStyles(ForwardRef(Card))>
`;
