// Jest Snapshot v1, https://goo.gl/fbAQLP

exports[`Test NewsItem should render component 1`] = `""`;
